src/utils/aiTranslator.ts(3,10): error TS2459: Module '"./itineraryParser"' declares 'BilingualString' locally, but it is not exported.
src/utils/aiUpdateAgent.ts(4,10): error TS2459: Module '"./itineraryParser"' declares 'BilingualString' locally, but it is not exported.
